{"generation": "v1", "topic": "C15", "seed": 11, "policy": "uncertainty", "fit_index": 9, "fit_seconds": 0.23051693799789064, "n_iter": 17616, "converged": true, "diagnostic_ceiling": 1000000, "reviewed": 37, "temporary_negatives": 100, "original_parameters": {"C": 1.0, "class_weight": null, "dual": true, "fit_intercept": true, "intercept_scaling": 1, "loss": "hinge", "max_iter": 10000, "multi_class": "ovr", "penalty": "l2", "random_state": 11, "tol": 0.0001, "verbose": 0}, "warnings": [], "state_file": "audit_store/iteration_requirements_v2/v1_C15_11_uncertainty_9.json", "state_sha256": "2a40b3b8419f72fbbb04e96e7778d54870f97096b26540d669d51b7da00aa66c"}
{"generation": "v1", "topic": "C15", "seed": 11, "policy": "fixed_20", "fit_index": 209, "fit_seconds": 0.9847340750020521, "n_iter": 10190, "converged": true, "diagnostic_ceiling": 1000000, "reviewed": 4161, "temporary_negatives": 100, "original_parameters": {"C": 1.0, "class_weight": null, "dual": true, "fit_intercept": true, "intercept_scaling": 1, "loss": "hinge", "max_iter": 10000, "multi_class": "ovr", "penalty": "l2", "random_state": 11, "tol": 0.0001, "verbose": 0}, "warnings": [], "state_file": "audit_store/iteration_requirements_v2/v1_C15_11_fixed_20_209.json", "state_sha256": "67791b78b12e8cc75efd243a6d2469173d367a18c46d478d2e8513c21be1d236"}
{"generation": "v1", "topic": "C15", "seed": 29, "policy": "uncertainty", "fit_index": 40, "fit_seconds": 1.979979135998292, "n_iter": 14607, "converged": true, "diagnostic_ceiling": 1000000, "reviewed": 2317, "temporary_negatives": 100, "original_parameters": {"C": 1.0, "class_weight": null, "dual": true, "fit_intercept": true, "intercept_scaling": 1, "loss": "hinge", "max_iter": 10000, "multi_class": "ovr", "penalty": "l2", "random_state": 29, "tol": 0.0001, "verbose": 0}, "warnings": [], "state_file": "audit_store/iteration_requirements_v2/v1_C15_29_uncertainty_40.json", "state_sha256": "289415c1192d8188247e17b7315a189c7a168b4225b253976726c81d3dd02067"}
{"generation": "v1", "topic": "C15", "seed": 29, "policy": "uncertainty", "fit_index": 47, "fit_seconds": 3.434461561999342, "n_iter": 12322, "converged": true, "diagnostic_ceiling": 1000000, "reviewed": 4698, "temporary_negatives": 100, "original_parameters": {"C": 1.0, "class_weight": null, "dual": true, "fit_intercept": true, "intercept_scaling": 1, "loss": "hinge", "max_iter": 10000, "multi_class": "ovr", "penalty": "l2", "random_state": 29, "tol": 0.0001, "verbose": 0}, "warnings": [], "state_file": "audit_store/iteration_requirements_v2/v1_C15_29_uncertainty_47.json", "state_sha256": "636b11cf3447ba8798c05c0c5b94c404f3b66909e10ab5b442e91c968001d9db"}
{"generation": "v1", "topic": "C15", "seed": 29, "policy": "fixed_20", "fit_index": 250, "fit_seconds": 3.060488396000437, "n_iter": 20005, "converged": true, "diagnostic_ceiling": 1000000, "reviewed": 4981, "temporary_negatives": 100, "original_parameters": {"C": 1.0, "class_weight": null, "dual": true, "fit_intercept": true, "intercept_scaling": 1, "loss": "hinge", "max_iter": 10000, "multi_class": "ovr", "penalty": "l2", "random_state": 29, "tol": 0.0001, "verbose": 0}, "warnings": [], "state_file": "audit_store/iteration_requirements_v2/v1_C15_29_fixed_20_250.json", "state_sha256": "84d6cd09686e4062ff91b18c6aefc14945ea22d21d7ae9d006382bb2dcda4013"}
{"generation": "v1", "topic": "C15", "seed": 47, "policy": "auto_tar", "fit_index": 47, "fit_seconds": 1.4673508509986277, "n_iter": 11171, "converged": true, "diagnostic_ceiling": 1000000, "reviewed": 4698, "temporary_negatives": 100, "original_parameters": {"C": 1.0, "class_weight": null, "dual": true, "fit_intercept": true, "intercept_scaling": 1, "loss": "hinge", "max_iter": 10000, "multi_class": "ovr", "penalty": "l2", "random_state": 47, "tol": 0.0001, "verbose": 0}, "warnings": [], "state_file": "audit_store/iteration_requirements_v2/v1_C15_47_auto_tar_47.json", "state_sha256": "33d24fa3efa39df5904ffa20978049e77f15bb123d961f942d3e59e4d7e3d9ff"}
{"generation": "v1", "topic": "C15", "seed": 47, "policy": "fixed_20", "fit_index": 221, "fit_seconds": 1.0279079530009767, "n_iter": 10644, "converged": true, "diagnostic_ceiling": 1000000, "reviewed": 4401, "temporary_negatives": 100, "original_parameters": {"C": 1.0, "class_weight": null, "dual": true, "fit_intercept": true, "intercept_scaling": 1, "loss": "hinge", "max_iter": 10000, "multi_class": "ovr", "penalty": "l2", "random_state": 47, "tol": 0.0001, "verbose": 0}, "warnings": [], "state_file": "audit_store/iteration_requirements_v2/v1_C15_47_fixed_20_221.json", "state_sha256": "924322a74b633a0940374a94f63b98636ab779551ff9325c4471f675a2c323d8"}
{"generation": "v1", "topic": "C15", "seed": 47, "policy": "fixed_20", "fit_index": 247, "fit_seconds": 1.8541551279995474, "n_iter": 11704, "converged": true, "diagnostic_ceiling": 1000000, "reviewed": 4921, "temporary_negatives": 100, "original_parameters": {"C": 1.0, "class_weight": null, "dual": true, "fit_intercept": true, "intercept_scaling": 1, "loss": "hinge", "max_iter": 10000, "multi_class": "ovr", "penalty": "l2", "random_state": 47, "tol": 0.0001, "verbose": 0}, "warnings": [], "state_file": "audit_store/iteration_requirements_v2/v1_C15_47_fixed_20_247.json", "state_sha256": "d679d5419fb921839d8bc5753f1f67a4856c7f0ace42af45e66d8d4574dfaa2d"}
{"locator_fit": 1, "n_iter": 24, "reviewed": 1, "warnings": []}
{"locator_fit": 2, "n_iter": 24, "reviewed": 2, "warnings": []}
{"locator_fit": 3, "n_iter": 21, "reviewed": 4, "warnings": []}
{"locator_fit": 4, "n_iter": 48, "reviewed": 7, "warnings": []}
{"locator_fit": 5, "n_iter": 48, "reviewed": 11, "warnings": []}
{"locator_fit": 6, "n_iter": 36, "reviewed": 16, "warnings": []}
{"locator_fit": 7, "n_iter": 28, "reviewed": 22, "warnings": []}
{"locator_fit": 8, "n_iter": 36, "reviewed": 29, "warnings": []}
{"locator_fit": 9, "n_iter": 46, "reviewed": 37, "warnings": []}
{"locator_fit": 10, "n_iter": 71, "reviewed": 46, "warnings": []}
{"locator_fit": 11, "n_iter": 62, "reviewed": 56, "warnings": []}
{"locator_fit": 12, "n_iter": 30, "reviewed": 67, "warnings": []}
{"locator_fit": 13, "n_iter": 43, "reviewed": 80, "warnings": []}
{"locator_fit": 14, "n_iter": 42, "reviewed": 95, "warnings": []}
{"locator_fit": 15, "n_iter": 44, "reviewed": 112, "warnings": []}
{"locator_fit": 16, "n_iter": 490, "reviewed": 131, "warnings": []}
{"locator_fit": 17, "n_iter": 138, "reviewed": 152, "warnings": []}
{"locator_fit": 18, "n_iter": 131, "reviewed": 176, "warnings": []}
{"locator_fit": 19, "n_iter": 856, "reviewed": 203, "warnings": []}
{"locator_fit": 20, "n_iter": 149, "reviewed": 233, "warnings": []}
{"locator_fit": 21, "n_iter": 79, "reviewed": 266, "warnings": []}
{"locator_fit": 22, "n_iter": 226, "reviewed": 303, "warnings": []}
{"locator_fit": 23, "n_iter": 133, "reviewed": 344, "warnings": []}
{"locator_fit": 24, "n_iter": 199, "reviewed": 390, "warnings": []}
{"locator_fit": 25, "n_iter": 829, "reviewed": 441, "warnings": []}
{"locator_fit": 26, "n_iter": 154, "reviewed": 498, "warnings": []}
{"locator_fit": 27, "n_iter": 754, "reviewed": 561, "warnings": []}
{"locator_fit": 28, "n_iter": 205, "reviewed": 631, "warnings": []}
{"locator_fit": 29, "n_iter": 1084, "reviewed": 708, "warnings": []}
{"locator_fit": 30, "n_iter": 1058, "reviewed": 793, "warnings": []}
{"locator_fit": 31, "n_iter": 1186, "reviewed": 887, "warnings": []}
{"locator_fit": 32, "n_iter": 701, "reviewed": 991, "warnings": []}
{"locator_fit": 33, "n_iter": 254, "reviewed": 1106, "warnings": []}
{"locator_fit": 34, "n_iter": 472, "reviewed": 1233, "warnings": []}
{"locator_fit": 35, "n_iter": 981, "reviewed": 1373, "warnings": []}
{"locator_fit": 36, "n_iter": 909, "reviewed": 1527, "warnings": []}
{"locator_fit": 37, "n_iter": 1307, "reviewed": 1697, "warnings": []}
{"locator_fit": 38, "n_iter": 3406, "reviewed": 1884, "warnings": []}
{"locator_fit": 39, "n_iter": 4077, "reviewed": 2090, "warnings": []}
{"locator_fit": 40, "n_iter": 7268, "reviewed": 2317, "warnings": []}
{"locator_fit": 41, "n_iter": 6177, "reviewed": 2567, "warnings": []}
{"locator_fit": 42, "n_iter": 1254, "reviewed": 2842, "warnings": []}
{"locator_fit": 43, "n_iter": 1353, "reviewed": 3145, "warnings": []}
{"locator_fit": 44, "n_iter": 1953, "reviewed": 3479, "warnings": []}
{"locator_fit": 45, "n_iter": 7664, "reviewed": 3847, "warnings": []}
{"locator_fit": 46, "n_iter": 5527, "reviewed": 4252, "warnings": []}
{"locator_fit": 47, "n_iter": 10000, "reviewed": 4698, "warnings": [{"category": "ConvergenceWarning", "message": "Liblinear failed to converge, increase the number of iterations."}]}
{"generation": "failed_census", "topic": "C15", "seed": 11, "policy": "uncertainty", "fit_index": 47, "baseline_n_iter": 10000, "reconstruction_limit": "First warning under identical failed-generation config; no saved failure-round state exists for independent comparison.", "fit_seconds": 2.921181011999579, "n_iter": 10959, "converged": true, "diagnostic_ceiling": 1000000, "reviewed": 4698, "temporary_negatives": 100, "original_parameters": {"C": 1, "class_weight": null, "dual": true, "fit_intercept": true, "intercept_scaling": 1, "loss": "hinge", "max_iter": 10000, "multi_class": "ovr", "penalty": "l2", "random_state": 11, "tol": 0.0001, "verbose": 0}, "warnings": [], "state_file": "audit_store/iteration_requirements_v2/census_C15_11_uncertainty.json", "state_sha256": "5fa2eed44a70c4916364ddb73d4194e01a3db98b6d69cf989af780873b16c179"}
