[
  {
    "group": "full",
    "trials": 20,
    "failures": 6,
    "failure_fraction": 0.3,
    "bytes": 87782855,
    "minimum_disk_available_bytes": 25318445056,
    "max_peak_rss_kib": 911180,
    "memory_event_snapshots": [
      "low 0\nhigh 0\nmax 0\noom 0\noom_kill 0\noom_group_kill 0\n"
    ],
    "rlimit_fsize": [
      -1,
      -1
    ],
    "rlimit_as": [
      -1,
      -1
    ],
    "failed_trials": [
      "full_03",
      "full_08",
      "full_09",
      "full_10",
      "full_11",
      "full_19"
    ]
  },
  {
    "group": "size20",
    "trials": 10,
    "failures": 0,
    "failure_fraction": 0.0,
    "bytes": 20971520,
    "minimum_disk_available_bytes": 24976691200,
    "max_peak_rss_kib": 361104,
    "memory_event_snapshots": [
      "low 0\nhigh 0\nmax 0\noom 0\noom_kill 0\noom_group_kill 0\n"
    ],
    "rlimit_fsize": [
      -1,
      -1
    ],
    "rlimit_as": [
      -1,
      -1
    ],
    "failed_trials": []
  },
  {
    "group": "size40",
    "trials": 10,
    "failures": 0,
    "failure_fraction": 0.0,
    "bytes": 41943040,
    "minimum_disk_available_bytes": 24242524160,
    "max_peak_rss_kib": 526180,
    "memory_event_snapshots": [
      "low 0\nhigh 0\nmax 0\noom 0\noom_kill 0\noom_group_kill 0\n"
    ],
    "rlimit_fsize": [
      -1,
      -1
    ],
    "rlimit_as": [
      -1,
      -1
    ],
    "failed_trials": []
  },
  {
    "group": "size60",
    "trials": 10,
    "failures": 0,
    "failure_fraction": 0.0,
    "bytes": 62914560,
    "minimum_disk_available_bytes": 22984044544,
    "max_peak_rss_kib": 693856,
    "memory_event_snapshots": [
      "low 0\nhigh 0\nmax 0\noom 0\noom_kill 0\noom_group_kill 0\n"
    ],
    "rlimit_fsize": [
      -1,
      -1
    ],
    "rlimit_as": [
      -1,
      -1
    ],
    "failed_trials": []
  },
  {
    "group": "size70",
    "trials": 10,
    "failures": 1,
    "failure_fraction": 0.1,
    "bytes": 73400320,
    "minimum_disk_available_bytes": 21579698176,
    "max_peak_rss_kib": 785008,
    "memory_event_snapshots": [
      "low 0\nhigh 0\nmax 0\noom 0\noom_kill 0\noom_group_kill 0\n"
    ],
    "rlimit_fsize": [
      -1,
      -1
    ],
    "rlimit_as": [
      -1,
      -1
    ],
    "failed_trials": [
      "size70_05"
    ]
  },
  {
    "group": "size80",
    "trials": 10,
    "failures": 3,
    "failure_fraction": 0.3,
    "bytes": 83886080,
    "minimum_disk_available_bytes": 20068110336,
    "max_peak_rss_kib": 876400,
    "memory_event_snapshots": [
      "low 0\nhigh 0\nmax 0\noom 0\noom_kill 0\noom_group_kill 0\n"
    ],
    "rlimit_fsize": [
      -1,
      -1
    ],
    "rlimit_as": [
      -1,
      -1
    ],
    "failed_trials": [
      "size80_02",
      "size80_08",
      "size80_09"
    ]
  },
  {
    "group": "size100",
    "trials": 10,
    "failures": 2,
    "failure_fraction": 0.2,
    "bytes": 104857600,
    "minimum_disk_available_bytes": 17489678336,
    "max_peak_rss_kib": 961452,
    "memory_event_snapshots": [
      "low 0\nhigh 0\nmax 0\noom 0\noom_kill 0\noom_group_kill 0\n",
      "low 0\nhigh 0\nmax 1175\noom 0\noom_kill 0\noom_group_kill 0\n",
      "low 0\nhigh 0\nmax 2396\noom 0\noom_kill 0\noom_group_kill 0\n",
      "low 0\nhigh 0\nmax 3458\noom 0\noom_kill 0\noom_group_kill 0\n",
      "low 0\nhigh 0\nmax 4131\noom 0\noom_kill 0\noom_group_kill 0\n",
      "low 0\nhigh 0\nmax 5323\noom 0\noom_kill 0\noom_group_kill 0\n"
    ],
    "rlimit_fsize": [
      -1,
      -1
    ],
    "rlimit_as": [
      -1,
      -1
    ],
    "failed_trials": [
      "size100_03",
      "size100_07"
    ]
  },
  {
    "group": "native_overlay",
    "trials": 5,
    "failures": 1,
    "failure_fraction": 0.2,
    "bytes": 87782855,
    "minimum_disk_available_bytes": 16583225344,
    "max_peak_rss_kib": 911420,
    "memory_event_snapshots": [
      "low 0\nhigh 0\nmax 6128\noom 0\noom_kill 0\noom_group_kill 0\n",
      "low 0\nhigh 0\nmax 6391\noom 0\noom_kill 0\noom_group_kill 0\n",
      "low 0\nhigh 0\nmax 7126\noom 0\noom_kill 0\noom_group_kill 0\n",
      "low 0\nhigh 0\nmax 7397\noom 0\noom_kill 0\noom_group_kill 0\n",
      "low 0\nhigh 0\nmax 8319\noom 0\noom_kill 0\noom_group_kill 0\n"
    ],
    "rlimit_fsize": [
      -1,
      -1
    ],
    "rlimit_as": [
      -1,
      -1
    ],
    "failed_trials": [
      "native_overlay_00"
    ]
  },
  {
    "group": "plain_overlay",
    "trials": 5,
    "failures": 0,
    "failure_fraction": 0.0,
    "bytes": 87782855,
    "minimum_disk_available_bytes": 15556141056,
    "max_peak_rss_kib": 911412,
    "memory_event_snapshots": [
      "low 0\nhigh 0\nmax 10701\noom 0\noom_kill 0\noom_group_kill 0\n",
      "low 0\nhigh 0\nmax 11565\noom 0\noom_kill 0\noom_group_kill 0\n",
      "low 0\nhigh 0\nmax 12169\noom 0\noom_kill 0\noom_group_kill 0\n",
      "low 0\nhigh 0\nmax 8935\noom 0\noom_kill 0\noom_group_kill 0\n",
      "low 0\nhigh 0\nmax 9819\noom 0\noom_kill 0\noom_group_kill 0\n"
    ],
    "rlimit_fsize": [
      -1,
      -1
    ],
    "rlimit_as": [
      -1,
      -1
    ],
    "failed_trials": []
  },
  {
    "group": "instrumented_tmpfs",
    "trials": 5,
    "failures": 0,
    "failure_fraction": 0.0,
    "bytes": 87782855,
    "minimum_disk_available_bytes": 8045502464,
    "max_peak_rss_kib": 911352,
    "memory_event_snapshots": [
      "low 0\nhigh 0\nmax 12492\noom 0\noom_kill 0\noom_group_kill 0\n",
      "low 0\nhigh 0\nmax 12819\noom 0\noom_kill 0\noom_group_kill 0\n",
      "low 0\nhigh 0\nmax 13150\noom 0\noom_kill 0\noom_group_kill 0\n",
      "low 0\nhigh 0\nmax 13479\noom 0\noom_kill 0\noom_group_kill 0\n",
      "low 0\nhigh 0\nmax 13806\noom 0\noom_kill 0\noom_group_kill 0\n"
    ],
    "rlimit_fsize": [
      -1,
      -1
    ],
    "rlimit_as": [
      -1,
      -1
    ],
    "failed_trials": []
  }
]
Later changed published files: []
