reference_full 34650673
reference_size20 8132268
reference_size40 16575819
reference_size60 24899319
reference_size70 29061159
reference_size80 33260024
reference_size100 34668414
failed_full_03 26474859
failed_full_08 27049802
failed_full_09 27514531
failed_full_10 26994749
failed_full_11 26802875
failed_full_19 27793671
failed_size70_05 27144143
failed_size80_02 27364744
failed_size80_08 27946621
failed_size80_09 26429314
failed_size100_03 28322045
failed_size100_07 27582476
failed_native_overlay_00 26971747
setup_capture_0 29061188
setup_capture_1 24899347
setup_capture_2 27784180
setup_capture_3 13726364
