{"trial": "full_00", "status": "PASS"}
{"trial": "full_01", "status": "PASS"}
{"trial": "full_02", "status": "PASS"}
{"trial": "full_03", "status": "FAIL"}
{"trial": "full_04", "status": "PASS"}
{"trial": "full_05", "status": "PASS"}
{"trial": "full_06", "status": "PASS"}
{"trial": "full_07", "status": "PASS"}
{"trial": "full_08", "status": "FAIL"}
{"trial": "full_09", "status": "FAIL"}
{"trial": "full_10", "status": "FAIL"}
{"trial": "full_11", "status": "FAIL"}
{"trial": "full_12", "status": "PASS"}
{"trial": "full_13", "status": "PASS"}
{"trial": "full_14", "status": "PASS"}
{"trial": "full_15", "status": "PASS"}
{"trial": "full_16", "status": "PASS"}
{"trial": "full_17", "status": "PASS"}
{"trial": "full_18", "status": "PASS"}
{"trial": "full_19", "status": "FAIL"}
{"trial": "size20_00", "status": "PASS"}
{"trial": "size20_01", "status": "PASS"}
{"trial": "size20_02", "status": "PASS"}
{"trial": "size20_03", "status": "PASS"}
{"trial": "size20_04", "status": "PASS"}
{"trial": "size20_05", "status": "PASS"}
{"trial": "size20_06", "status": "PASS"}
{"trial": "size20_07", "status": "PASS"}
{"trial": "size20_08", "status": "PASS"}
{"trial": "size20_09", "status": "PASS"}
{"trial": "size40_00", "status": "PASS"}
{"trial": "size40_01", "status": "PASS"}
{"trial": "size40_02", "status": "PASS"}
{"trial": "size40_03", "status": "PASS"}
{"trial": "size40_04", "status": "PASS"}
{"trial": "size40_05", "status": "PASS"}
{"trial": "size40_06", "status": "PASS"}
{"trial": "size40_07", "status": "PASS"}
{"trial": "size40_08", "status": "PASS"}
{"trial": "size40_09", "status": "PASS"}
{"trial": "size60_00", "status": "PASS"}
{"trial": "size60_01", "status": "PASS"}
{"trial": "size60_02", "status": "PASS"}
{"trial": "size60_03", "status": "PASS"}
{"trial": "size60_04", "status": "PASS"}
{"trial": "size60_05", "status": "PASS"}
{"trial": "size60_06", "status": "PASS"}
{"trial": "size60_07", "status": "PASS"}
{"trial": "size60_08", "status": "PASS"}
{"trial": "size60_09", "status": "PASS"}
{"trial": "size70_00", "status": "PASS"}
{"trial": "size70_01", "status": "PASS"}
{"trial": "size70_02", "status": "PASS"}
{"trial": "size70_03", "status": "PASS"}
{"trial": "size70_04", "status": "PASS"}
{"trial": "size70_05", "status": "FAIL"}
{"trial": "size70_06", "status": "PASS"}
{"trial": "size70_07", "status": "PASS"}
{"trial": "size70_08", "status": "PASS"}
{"trial": "size70_09", "status": "PASS"}
{"trial": "size80_00", "status": "PASS"}
{"trial": "size80_01", "status": "PASS"}
{"trial": "size80_02", "status": "FAIL"}
{"trial": "size80_03", "status": "PASS"}
{"trial": "size80_04", "status": "PASS"}
{"trial": "size80_05", "status": "PASS"}
{"trial": "size80_06", "status": "PASS"}
{"trial": "size80_07", "status": "PASS"}
{"trial": "size80_08", "status": "FAIL"}
{"trial": "size80_09", "status": "FAIL"}
{"trial": "size100_00", "status": "PASS"}
{"trial": "size100_01", "status": "PASS"}
{"trial": "size100_02", "status": "PASS"}
{"trial": "size100_03", "status": "FAIL"}
{"trial": "size100_04", "status": "PASS"}
{"trial": "size100_05", "status": "PASS"}
{"trial": "size100_06", "status": "PASS"}
{"trial": "size100_07", "status": "FAIL"}
{"trial": "size100_08", "status": "PASS"}
{"trial": "size100_09", "status": "PASS"}
{"trial": "native_overlay_00", "status": "FAIL"}
{"trial": "native_overlay_01", "status": "PASS"}
{"trial": "native_overlay_02", "status": "PASS"}
{"trial": "native_overlay_03", "status": "PASS"}
{"trial": "native_overlay_04", "status": "PASS"}
{"trial": "plain_overlay_00", "status": "PASS"}
{"trial": "plain_overlay_01", "status": "PASS"}
{"trial": "plain_overlay_02", "status": "PASS"}
{"trial": "plain_overlay_03", "status": "PASS"}
{"trial": "plain_overlay_04", "status": "PASS"}
{"trial": "instrumented_tmpfs_00", "status": "PASS"}
{"trial": "instrumented_tmpfs_01", "status": "PASS"}
{"trial": "instrumented_tmpfs_02", "status": "PASS"}
{"trial": "instrumented_tmpfs_03", "status": "PASS"}
{"trial": "instrumented_tmpfs_04", "status": "PASS"}
ALL_TRIALS_FINISHED
